200 GET /v1/status -> GET_status
200 GET /v1/actions?limit=3 -> GET_actions
200 GET /v1/actions/351023578 -> GET_actions_{globalSequence}
200 GET /v1/transactions/46db20ec510a2efebe2f102ed80801425bc2be901dc2c941f33a48902e314edc -> GET_transactions_{trxId}
200 GET /v1/contracts?limit=3 -> GET_contracts
200 GET /v1/contracts/upxtokenacct/actions?limit=3 -> GET_contracts_{contract}_actions
200 GET /v1/transfers?limit=3&symbol=UPX -> GET_transfers
200 GET /v1/stats/actions?limit=3 -> GET_stats_actions
200 GET /v1/chains -> GET_chains
200 GET /v1/analytics/overview -> GET_analytics_overview
200 GET /v1/analytics/timeseries?metric=actions&bucket=day&after=2026-10-02T00:00:00Z&before=2026-10-08T23:59:59Z -> GET_analytics_timeseries
200 GET /v1/analytics/keys?contract=playuplandme&action=n5&limit=3 -> GET_analytics_keys
200 GET /v1/analytics/flows?symbol=UPX&after=2026-10-08T00:00:00Z&before=2026-10-08T23:59:59Z&limit=3 -> GET_analytics_flows
200 GET /v1/analytics/accounts/top?by=actions&after=2026-10-08T00:00:00Z&before=2026-10-08T23:59:59Z&limit=3 -> GET_analytics_accounts_top
200 GET /v1/analytics/calendar?metric=transactions&after=2026-10-02T00:00:00Z&before=2026-10-08T23:59:59Z -> GET_analytics_calendar
200 GET /v1/analytics/sales?bucket=day&bins=4&after=2026-10-02T00:00:00Z&before=2026-10-08T23:59:59Z -> GET_analytics_sales
200 GET /v1/ingest/windows?limit=3&sort=desc -> GET_ingest_windows
200 POST /v1/analytics/query {"source":"sales","range":{"after":"2026-10-02T00:00:00Z","before":"2026-10-08T23:59:59Z"},"dimensions":[{"field":"city"}],"measures":[{"fn":"count","alias":"sales"},{"fn":"median","field":"price_upx","alias":"median_price"}],"orderBy":[{"measure":"sales","dir":"desc"}],"limit":3} -> POST_analytics_query
200 GET /v1/market/upx-usd?method=weighted_comps&after=2026-10-06&before=2026-10-08&smooth=7 -> GET_market_upx-usd
200 GET /v1/market/cities?after=2026-10-08&before=2026-10-08&limit=3 -> GET_market_cities
200 GET /v1/market/fiat?days=7 -> GET_market_fiat
200 GET /v1/signals?limit=3 -> GET_signals
200 GET /v1/properties?limit=3&traded=true&sort=last_sale_at -> GET_properties
200 GET /v1/sales?limit=3 -> GET_sales
200 GET /v1/properties/81826746578110 -> GET_properties_{propertyId}
200 GET /v1/properties/81826746578110/history?limit=3 -> GET_properties_{propertyId}_history
200 GET /v1/accounts?limit=3&named=true&sort=buys -> GET_accounts
200 GET /v1/accounts/ymc55j4fboxi -> GET_accounts_{account}
200 GET /v1/accounts/ymc55j4fboxi/actions?limit=3 -> GET_accounts_{account}_actions
200 GET /v1/listings?limit=3 -> GET_listings
200 GET /v1/offers?limit=3 -> GET_offers
200 GET /v1/neighborhoods?limit=3&include_boundaries=true -> GET_neighborhoods
200 GET /v1/collections?limit=3 -> GET_collections
200 GET /v1/treasures?limit=3 -> GET_treasures
200 GET /v1/rates?after=2026-10-08T00:00:00Z&limit=3&offset=1 -> GET_rates
200 GET /v1/search?q=main&limit=2 -> GET_search
400 GET /v1/actions?limit=5000 -> ERROR_validation_error
404 GET /v1/properties/1 -> ERROR_not_found
